// Jest Snapshot v1, https://goo.gl/fbAQLP

exports[`SlotCard task-23 status rendering renders six distinct status card models 1`] = `
[
  {
    "accessibilityLabel": "비어 있음, 아직 아무도 기록하지 않았어요",
    "action": "none",
    "actionLabel": null,
    "badge": "비어 있음",
    "promptId": "prompt-empty",
    "route": null,
    "subtitle": "01:00 · 0/2명 기록",
    "testID": "slot-card-empty",
    "title": "아직 아무도 기록하지 않았어요",
    "tone": "neutral",
  },
  {
    "accessibilityLabel": "원본만 있음, 원본 클립이 있어요",
    "action": "play-raw",
    "actionLabel": "원본 보기",
    "badge": "원본만 있음",
    "promptId": "prompt-raw_only",
    "route": "/slot/prompt-raw_only",
    "subtitle": "01:00 · 1/2명 기록",
    "testID": "slot-card-raw_only",
    "title": "원본 클립이 있어요",
    "tone": "info",
  },
  {
    "accessibilityLabel": "처리 중, 브이로그 만드는 중",
    "action": "none",
    "actionLabel": null,
    "badge": "처리 중",
    "promptId": "prompt-processing",
    "route": null,
    "subtitle": "01:00 · 1/2명 기록",
    "testID": "slot-card-processing",
    "title": "브이로그 만드는 중",
    "tone": "info",
  },
  {
    "accessibilityLabel": "완성, 브이로그가 준비됐어요",
    "action": "open-vlog",
    "actionLabel": "브이로그 보기",
    "badge": "완성",
    "promptId": "prompt-compiled",
    "route": "/vlog/prompt-compiled",
    "subtitle": "01:00 · 1/2명 기록",
    "testID": "slot-card-compiled",
    "title": "브이로그가 준비됐어요",
    "tone": "success",
  },
  {
    "accessibilityLabel": "실패, 브이로그 만들기에 실패했어요",
    "action": "retry",
    "actionLabel": "다시 시도하기",
    "badge": "실패",
    "promptId": "prompt-failed",
    "route": "/slot/prompt-failed",
    "subtitle": "01:00 · 1/2명 기록",
    "testID": "slot-card-failed",
    "title": "브이로그 만들기에 실패했어요",
    "tone": "danger",
  },
  {
    "accessibilityLabel": "원본 만료, 원본이 만료됐어요",
    "action": "none",
    "actionLabel": null,
    "badge": "원본 만료",
    "promptId": "prompt-expired",
    "route": null,
    "subtitle": "01:00 · 1/2명 기록",
    "testID": "slot-card-expired",
    "title": "원본이 만료됐어요",
    "tone": "muted",
  },
]
`;
